bun test v1.3.7 (ba426210)

src/framework-lint.wave1.test.ts:
 5 | const frameworkRoot = join(import.meta.dir, "framework");
 6 | 
 7 | describe("framework-lint — wave-1 rebrand regex verification", () => {
 8 |   test("listAgentFiles regex matches at least one software-teams-*.md file", () => {
 9 |     const dir = join(frameworkRoot, "agents");
10 |     const files = readdirSync(dir).filter((f) => /^software-teams-.+\.md$/.test(f));
                       ^
error: ENOENT: no such file or directory, scandir '/Users/benzotti/src/jdi/src/framework/agents'
      at <anonymous> (/Users/benzotti/src/jdi/src/framework-lint.wave1.test.ts:10:19)
(fail) framework-lint — wave-1 rebrand regex verification > listAgentFiles regex matches at least one software-teams-*.md file [0.50ms]
16 |     expect(files.some((f) => f === "software-teams-planner.md" || f.startsWith("software-teams-"))).toBe(true);
17 |   });
18 | 
19 |   test("regex does NOT match jdi-*.md (old pattern gone from framework)", () => {
20 |     const dir = join(frameworkRoot, "agents");
21 |     const jdiFiles = readdirSync(dir).filter((f) => /^jdi-.+\.md$/.test(f));
                          ^
error: ENOENT: no such file or directory, scandir '/Users/benzotti/src/jdi/src/framework/agents'
      at <anonymous> (/Users/benzotti/src/jdi/src/framework-lint.wave1.test.ts:21:22)
(fail) framework-lint — wave-1 rebrand regex verification > regex does NOT match jdi-*.md (old pattern gone from framework) [0.09ms]

src/cli.smoke.test.ts:
34 |     expect(output).toMatch(/software-teams|Software Teams/i);
35 |   });
36 | 
37 |   test("--help output does not reference old jdi name", async () => {
38 |     const output = execSync(`bun run ${DIST_PATH} --help`).toString();
39 |     expect(output).not.toMatch(/jdi/i);
                            ^
error: expect(received).not.toMatch(expected)

Expected substring or pattern: not /jdi/i
Received: "Software Teams - AI development framework for Claude Code (software-teams v0.1.57)\n\nUSAGE software-teams init|plan|implement|status|components|commit|pr|review|feedback|quick|worktree|worktree-remove|plan-review|plan-approve|action|setup-action|state|sync-agents|sync-framework|spawn-log\n\nCOMMANDS\n\n             init    Initialise Software Teams in the current project                                                     \n             plan    Plan a feature using Claude Code                                                                     \n        implement    Execute an implementation plan using Claude Code                                                     \n           status    Show current JDI project status                                                                      \n       components    List available JDI components and their resolution sources                                           \n           commit    Auto-detect type/scope and create a conventional commit                                              \n               pr    Generate PR title and body, push branch, and create PR via gh                                        \n           review    Review a PR using Claude Code                                                                        \n         feedback    Fetch and categorise PR review comments                                                              \n            quick    Make a focused change using Claude Code                                                              \n         worktree    Create a git worktree with optional environment setup                                                \n  worktree-remove    Remove a git worktree and clean up resources                                                         \n      plan-review    Review current plan and provide feedback or approve                                                  \n     plan-approve    Approve the current plan for implementation                                                          \n           action    GitHub Action commands — run workflows, bootstrap, manage learnings                                  \n     setup-action    Set up the JDI GitHub Action in your repository                                                      \n            state    Manage JDI state transitions                                                                         \n      sync-agents    Regenerate .claude/agents/ from framework/agents/                                                    \n   sync-framework    Refresh the .software-teams/framework/ snapshot from canonical framework/ and re-sync .claude/agents/\n        spawn-log    Manage the per-spawn token ledger (record, report, clear)                                            \n\nUse software-teams <command> --help for more information about a command.\n\n"

      at <anonymous> (/Users/benzotti/src/jdi/src/cli.smoke.test.ts:39:24)
(fail) CLI smoke tests — wave 1 rebrand > --help output does not reference old jdi name [124.41ms]















src/commands/init.test.ts:
ENOENT: no such file or directory, open '/Users/benzotti/src/jdi/src/framework '
    path: "/Users/benzotti/src/jdi/src/framework\u0000",
 syscall: "open",
   errno: -2,
    code: "ENOENT"

(fail) init — scaffolding layout (wave 1 rebrand) > init creates .software-teams/ directory structure (not .jdi/) [4.19ms]
ENOENT: no such file or directory, open '/Users/benzotti/src/jdi/src/framework '
    path: "/Users/benzotti/src/jdi/src/framework\u0000",
 syscall: "open",
   errno: -2,
    code: "ENOENT"

(fail) init — scaffolding layout (wave 1 rebrand) > init creates .claude/ structure with st/ commands (not jdi/) [3.22ms]
ENOENT: no such file or directory, open '/Users/benzotti/src/jdi/src/framework '
    path: "/Users/benzotti/src/jdi/src/framework\u0000",
 syscall: "open",
   errno: -2,
    code: "ENOENT"

(fail) init — scaffolding layout (wave 1 rebrand) > init creates .claude/CLAUDE.md with /st: routing (not /jdi:) [3.41ms]
ENOENT: no such file or directory, open '/Users/benzotti/src/jdi/src/framework '
    path: "/Users/benzotti/src/jdi/src/framework\u0000",
 syscall: "open",
   errno: -2,
    code: "ENOENT"

(fail) init — scaffolding layout (wave 1 rebrand) > init creates software-teams-config.yaml (not jdi-config.yaml) [3.89ms]
ENOENT: no such file or directory, open '/Users/benzotti/src/jdi/src/framework '
    path: "/Users/benzotti/src/jdi/src/framework\u0000",
 syscall: "open",
   errno: -2,
    code: "ENOENT"

(fail) init — scaffolding layout (wave 1 rebrand) > init generates 24 .claude/agents/software-teams-*.md files (from renamed tree) [3.70ms]
ENOENT: no such file or directory, open '/Users/benzotti/src/jdi/src/framework '
    path: "/Users/benzotti/src/jdi/src/framework\u0000",
 syscall: "open",
   errno: -2,
    code: "ENOENT"

(fail) init — scaffolding layout (wave 1 rebrand) > init creates .claude/AGENTS.md and .claude/RULES.md [3.69ms]

 240 pass
 1 skip
 9 fail
 1699 expect() calls
Ran 250 tests across 30 files. [1.83s]
